http://www.google.com/
http://www.google.com/pt/
https://twitter.com/tqbf/status/619987355923910656?s=09
http://pokemon.com
http://wikipedia.org
